// Jest Snapshot v1, https://goo.gl/fbAQLP

exports[`VSelectionControl should match a snapshot 1`] = `
<div class="v-selection-control v-selection-control--density-default">
  <div class="v-selection-control__wrapper">
    <div class="v-selection-control__input">
      <input id="input-0">
    </div>
  </div>
  <label class="v-label"
         for="input-0"
  >
  </label>
</div>
`;
